#-----------------------------------------------------------
# Vivado v2019.2 (64-bit)
# SW Build 2708876 on Wed Nov  6 21:40:23 MST 2019
# IP Build 2700528 on Thu Nov  7 00:09:20 MST 2019
# Start of session at: Fri May 15 09:28:59 2020
# Process ID: 18516
# Current directory: F:/VivadoProject/1/wujiankws/wujiankws/wujiankws.sim/sim_1/behav/xsim
# Command line: vivado.exe -gui_launcher_event rodinguilauncherevent19248 F:\VivadoProject\1\wujiankws\wujiankws\wujiankws.sim\sim_1\behav\xsim\wujian100_open_tb_behav.wdb
# Log file: F:/VivadoProject/1/wujiankws/wujiankws/wujiankws.sim/sim_1/behav/xsim/vivado.log
# Journal file: F:/VivadoProject/1/wujiankws/wujiankws/wujiankws.sim/sim_1/behav/xsim\vivado.jou
#-----------------------------------------------------------
start_gui
open_wave_database {F:\VivadoProject\1\wujiankws\wujiankws\wujiankws.sim\sim_1\behav\xsim\wujian100_open_tb_behav.wdb}
add_wave {{/wujian100_open_tb/x_wujian100_open_top/x_retu_top/x_smu_top/x_sms_top/x_sms0_top}} 
current_wave_config {Untitled 1}
add_wave {{/wujian100_open_tb/x_wujian100_open_top/x_pdu_top/x_main_bus_top/x_ahb_axi_kws/x_kws_0/U0}} 
close_sim
