Copyright 1986-2019 Xilinx, Inc. All Rights Reserved.
-------------------------------------------------------------------------------------------------------------------------------
| Tool Version : Vivado v.2019.2 (win64) Build 2708876 Wed Nov  6 21:40:23 MST 2019
| Date         : Wed Jul  1 23:50:27 2020
| Host         : LAPTOP-5KE3GPT6 running 64-bit major release  (build 9200)
| Command      : report_utilization -file wujian100_open_top_utilization_synth.rpt -pb wujian100_open_top_utilization_synth.pb
| Design       : wujian100_open_top
| Device       : 7a200tfbg484-1
| Design State : Synthesized
-------------------------------------------------------------------------------------------------------------------------------

Utilization Design Information

Table of Contents
-----------------
1. Slice Logic
1.1 Summary of Registers by Type
2. Memory
3. DSP
4. IO and GT Specific
5. Clocking
6. Specific Feature
7. Primitives
8. Black Boxes
9. Instantiated Netlists

1. Slice Logic
--------------

+----------------------------+-------+-------+-----------+-------+
|          Site Type         |  Used | Fixed | Available | Util% |
+----------------------------+-------+-------+-----------+-------+
| Slice LUTs*                | 28414 |     0 |    134600 | 21.11 |
|   LUT as Logic             | 28342 |     0 |    134600 | 21.06 |
|   LUT as Memory            |    72 |     0 |     46200 |  0.16 |
|     LUT as Distributed RAM |    72 |     0 |           |       |
|     LUT as Shift Register  |     0 |     0 |           |       |
| Slice Registers            | 13483 |     0 |    269200 |  5.01 |
|   Register as Flip Flop    | 13483 |     0 |    269200 |  5.01 |
|   Register as Latch        |     0 |     0 |    269200 |  0.00 |
| F7 Muxes                   |   371 |     0 |     67300 |  0.55 |
| F8 Muxes                   |    36 |     0 |     33650 |  0.11 |
+----------------------------+-------+-------+-----------+-------+
* Warning! The Final LUT count, after physical optimizations and full implementation, is typically lower. Run opt_design after synthesis, if not already completed, for a more realistic count.


1.1 Summary of Registers by Type
--------------------------------

+-------+--------------+-------------+--------------+
| Total | Clock Enable | Synchronous | Asynchronous |
+-------+--------------+-------------+--------------+
| 0     |            _ |           - |            - |
| 0     |            _ |           - |          Set |
| 0     |            _ |           - |        Reset |
| 0     |            _ |         Set |            - |
| 0     |            _ |       Reset |            - |
| 0     |          Yes |           - |            - |
| 1170  |          Yes |           - |          Set |
| 11344 |          Yes |           - |        Reset |
| 0     |          Yes |         Set |            - |
| 969   |          Yes |       Reset |            - |
+-------+--------------+-------------+--------------+


2. Memory
---------

+-------------------+------+-------+-----------+-------+
|     Site Type     | Used | Fixed | Available | Util% |
+-------------------+------+-------+-----------+-------+
| Block RAM Tile    |   64 |     0 |       365 | 17.53 |
|   RAMB36/FIFO*    |   64 |     0 |       365 | 17.53 |
|     RAMB36E1 only |   64 |       |           |       |
|   RAMB18          |    0 |     0 |       730 |  0.00 |
+-------------------+------+-------+-----------+-------+
* Note: Each Block RAM Tile only has one FIFO logic available and therefore can accommodate only one FIFO36E1 or one FIFO18E1. However, if a FIFO18E1 occupies a Block RAM Tile, that tile can still accommodate a RAMB18E1


3. DSP
------

+-----------+------+-------+-----------+-------+
| Site Type | Used | Fixed | Available | Util% |
+-----------+------+-------+-----------+-------+
| DSPs      |    0 |     0 |       740 |  0.00 |
+-----------+------+-------+-----------+-------+


4. IO and GT Specific
---------------------

+-----------------------------+------+-------+-----------+-------+
|          Site Type          | Used | Fixed | Available | Util% |
+-----------------------------+------+-------+-----------+-------+
| Bonded IOB                  |   62 |     0 |       285 | 21.75 |
| Bonded IPADs                |    0 |     0 |        14 |  0.00 |
| Bonded OPADs                |    0 |     0 |         8 |  0.00 |
| PHY_CONTROL                 |    0 |     0 |        10 |  0.00 |
| PHASER_REF                  |    0 |     0 |        10 |  0.00 |
| OUT_FIFO                    |    0 |     0 |        40 |  0.00 |
| IN_FIFO                     |    0 |     0 |        40 |  0.00 |
| IDELAYCTRL                  |    0 |     0 |        10 |  0.00 |
| IBUFDS                      |    0 |     0 |       274 |  0.00 |
| GTPE2_CHANNEL               |    0 |     0 |         4 |  0.00 |
| PHASER_OUT/PHASER_OUT_PHY   |    0 |     0 |        40 |  0.00 |
| PHASER_IN/PHASER_IN_PHY     |    0 |     0 |        40 |  0.00 |
| IDELAYE2/IDELAYE2_FINEDELAY |    0 |     0 |       500 |  0.00 |
| IBUFDS_GTE2                 |    0 |     0 |         2 |  0.00 |
| ILOGIC                      |    0 |     0 |       285 |  0.00 |
| OLOGIC                      |    0 |     0 |       285 |  0.00 |
+-----------------------------+------+-------+-----------+-------+


5. Clocking
-----------

+------------+------+-------+-----------+-------+
|  Site Type | Used | Fixed | Available | Util% |
+------------+------+-------+-----------+-------+
| BUFGCTRL   |    2 |     0 |        32 |  6.25 |
| BUFIO      |    0 |     0 |        40 |  0.00 |
| MMCME2_ADV |    0 |     0 |        10 |  0.00 |
| PLLE2_ADV  |    0 |     0 |        10 |  0.00 |
| BUFMRCE    |    0 |     0 |        20 |  0.00 |
| BUFHCE     |    0 |     0 |       120 |  0.00 |
| BUFR       |    0 |     0 |        40 |  0.00 |
+------------+------+-------+-----------+-------+


6. Specific Feature
-------------------

+-------------+------+-------+-----------+-------+
|  Site Type  | Used | Fixed | Available | Util% |
+-------------+------+-------+-----------+-------+
| BSCANE2     |    0 |     0 |         4 |  0.00 |
| CAPTUREE2   |    0 |     0 |         1 |  0.00 |
| DNA_PORT    |    0 |     0 |         1 |  0.00 |
| EFUSE_USR   |    0 |     0 |         1 |  0.00 |
| FRAME_ECCE2 |    0 |     0 |         1 |  0.00 |
| ICAPE2      |    0 |     0 |         2 |  0.00 |
| PCIE_2_1    |    0 |     0 |         1 |  0.00 |
| STARTUPE2   |    0 |     0 |         1 |  0.00 |
| XADC        |    0 |     0 |         1 |  0.00 |
+-------------+------+-------+-----------+-------+


7. Primitives
-------------

+----------+-------+---------------------+
| Ref Name |  Used | Functional Category |
+----------+-------+---------------------+
| LUT6     | 15135 |                 LUT |
| FDCE     | 11344 |        Flop & Latch |
| LUT5     |  5634 |                 LUT |
| LUT4     |  4443 |                 LUT |
| LUT2     |  3111 |                 LUT |
| LUT3     |  2733 |                 LUT |
| CARRY4   |  1508 |          CarryLogic |
| LUT1     |  1179 |                 LUT |
| FDPE     |  1170 |        Flop & Latch |
| FDRE     |   969 |        Flop & Latch |
| MUXF7    |   371 |               MuxFx |
| RAMD32   |   108 |  Distributed Memory |
| RAMB36E1 |    64 |        Block Memory |
| OBUFT    |    57 |                  IO |
| IBUF     |    55 |                  IO |
| RAMS32   |    36 |  Distributed Memory |
| MUXF8    |    36 |               MuxFx |
| BUFG     |     2 |               Clock |
| OBUF     |     1 |                  IO |
+----------+-------+---------------------+


8. Black Boxes
--------------

+----------------------+------+
|       Ref Name       | Used |
+----------------------+------+
| ahblite_axi_bridge_0 |   10 |
| preprocess_0         |    1 |
| kws_0                |    1 |
| blk_mem_gen_0        |    1 |
| axi_bram_ctrl_0      |    1 |
+----------------------+------+


9. Instantiated Netlists
------------------------

+----------+------+
| Ref Name | Used |
+----------+------+


